---
source: trampoline/src/lib.rs
expression: actual
input_file: trampoline/src/test_data/empty.wat
---
(module
  (@producers
    (processed-by "walrus" "0.23.3")
  )
)
