---
source: trampoline/src/lib.rs
expression: actual
input_file: trampoline/src/test_data/consumer.wat
---
(module
  (type (;0;) (func (result i32)))
  (type (;1;) (func (result i64)))
  (type (;2;) (func (param i32) (result i32)))
  (type (;3;) (func (param i32) (result i64)))
  (type (;4;) (func (param i32 i32)))
  (type (;5;) (func (param i32 i32) (result i32)))
  (type (;6;) (func (param i32 i32 i32)))
  (type (;7;) (func (param i64) (result i32)))
  (type (;8;) (func (param i64 i32) (result i64)))
  (type (;9;) (func (param i64 i32 i32) (result i64)))
  (type (;10;) (func (param f64) (result i32)))
  (import "shopify_function_v2" "_shopify_function_input_get" (func (;0;) (type 1)))
  (import "shopify_function_v2" "_shopify_function_input_get_interned_obj_prop" (func (;1;) (type 8)))
  (import "shopify_function_v2" "_shopify_function_input_get_at_index" (func (;2;) (type 8)))
  (import "shopify_function_v2" "_shopify_function_input_get_obj_key_at_index" (func (;3;) (type 8)))
  (import "shopify_function_v2" "_shopify_function_input_get_val_len" (func (;4;) (type 7)))
  (import "shopify_function_v2" "_shopify_function_output_new_bool" (func (;5;) (type 2)))
  (import "shopify_function_v2" "_shopify_function_output_new_null" (func (;6;) (type 0)))
  (import "shopify_function_v2" "_shopify_function_output_new_i32" (func (;7;) (type 2)))
  (import "shopify_function_v2" "_shopify_function_output_new_f64" (func (;8;) (type 10)))
  (import "shopify_function_v2" "_shopify_function_output_new_object" (func (;9;) (type 2)))
  (import "shopify_function_v2" "_shopify_function_output_finish_object" (func (;10;) (type 0)))
  (import "shopify_function_v2" "_shopify_function_output_new_array" (func (;11;) (type 2)))
  (import "shopify_function_v2" "_shopify_function_output_finish_array" (func (;12;) (type 0)))
  (import "shopify_function_v2" "_shopify_function_output_new_interned_utf8_str" (func (;13;) (type 2)))
  (import "shopify_function_v2" "_shopify_function_input_get_utf8_str_addr" (func (;14;) (type 2)))
  (import "shopify_function_v2" "memory" (memory (;0;) 1))
  (import "shopify_function_v2" "_shopify_function_input_get_obj_prop" (func (;15;) (type 9)))
  (import "shopify_function_v2" "_shopify_function_alloc" (func (;16;) (type 2)))
  (import "shopify_function_v2" "_shopify_function_output_new_utf8_str" (func (;17;) (type 3)))
  (import "shopify_function_v2" "_shopify_function_intern_utf8_str" (func (;18;) (type 3)))
  (import "shopify_function_v2" "_shopify_function_log_new_utf8_str" (func (;19;) (type 2)))
  (memory (;1;) 1)
  (export "memory" (memory 1))
  (func (;20;) (type 4) (param i32 i32)
    (local i32 i32 i32 i32 i32 i32)
    local.get 1
    call 19
    local.tee 2
    i32.load
    local.set 3
    local.get 2
    i32.load offset=4
    local.set 4
    local.get 2
    i32.load offset=8
    local.set 5
    local.get 4
    local.get 0
    local.get 3
    i32.add
    local.tee 0
    local.get 5
    call 26
    local.get 5
    local.get 1
    i32.ne
    if ;; label = @1
      local.get 2
      i32.load offset=12
      local.set 6
      local.get 2
      i32.load offset=16
      local.set 7
      local.get 6
      local.get 0
      local.get 5
      i32.add
      local.get 7
      call 26
    else
    end
  )
  (func (;21;) (type 5) (param i32 i32) (result i32)
    (local i64)
    local.get 1
    call 18
    local.tee 2
    i64.const 32
    i64.shr_u
    i32.wrap_i64
    local.get 2
    i32.wrap_i64
    local.get 0
    local.get 1
    call 26
  )
  (func (;22;) (type 5) (param i32 i32) (result i32)
    (local i64)
    local.get 1
    call 17
    local.tee 2
    i64.const 32
    i64.shr_u
    i32.wrap_i64
    local.get 2
    i32.wrap_i64
    local.get 0
    local.get 1
    call 26
  )
  (func (;23;) (type 9) (param i64 i32 i32) (result i64)
    (local i32)
    local.get 2
    call 27
    local.tee 3
    local.get 1
    local.get 2
    call 26
    local.get 0
    local.get 3
    local.get 2
    call 15
  )
  (func (;24;) (type 6) (param i32 i32 i32)
    local.get 1
    local.get 0
    call 14
    local.get 2
    call 25
  )
  (func (;25;) (type 6) (param i32 i32 i32)
    local.get 0
    local.get 1
    local.get 2
    memory.copy 1 0
  )
  (func (;26;) (type 6) (param i32 i32 i32)
    local.get 0
    local.get 1
    local.get 2
    memory.copy 0 1
  )
  (func (;27;) (type 2) (param i32) (result i32)
    local.get 0
    call 16
  )
  (@producers
    (processed-by "walrus" "0.23.3")
  )
)
