---
source: integration_tests/tests/docs_sync_test.rs
expression: inconsistencies
---
[]
